/data/rsourave/datasets/extracted/ERB3_Stimuli_Extracted/1/frames/
609
Run ID: 0
Epoch 0/51: Loss: 0.013362949306046371
Epoch 1/51: Loss: 0.0041967170174414745
Epoch 2/51: Loss: 0.003899806993618389
Epoch 3/51: Loss: 0.003777486734021861
Epoch 4/51: Loss: 0.00369004768218887
Epoch 5/51: Loss: 0.003638985005821476
Epoch 6/51: Loss: 0.003610940444535459
Epoch 7/51: Loss: 0.0035983542295008213
Epoch 8/51: Loss: 0.0035716837573035397
Epoch 9/51: Loss: 0.003553402214270637
Epoch 10/51: Loss: 0.0035443378445964187
Epoch 11/51: Loss: 0.0035403064902367973
Epoch 12/51: Loss: 0.00353000326887795
Epoch 13/51: Loss: 0.003521425616473681
Epoch 14/51: Loss: 0.0035186247834862023
Epoch 15/51: Loss: 0.0035119189609223475
Epoch 16/51: Loss: 0.003507699577504858
Epoch 17/51: Loss: 0.003505652178456804
Epoch 18/51: Loss: 0.0034996269811293544
Epoch 19/51: Loss: 0.0034999301545055594
Epoch 20/51: Loss: 0.003496104196112863
Epoch 21/51: Loss: 0.0034913497022930223
Epoch 22/51: Loss: 0.0034905940034798354
Epoch 23/51: Loss: 0.0034896159089726937
Epoch 24/51: Loss: 0.0034856208175029916
Epoch 25/51: Loss: 0.0034861212393824934
Epoch 26/51: Loss: 0.003484763542648881
Epoch 27/51: Loss: 0.0034822585134168687
Epoch 28/51: Loss: 0.003480860710748601
Epoch 29/51: Loss: 0.003479403133450748
Epoch 30/51: Loss: 0.00347977734978163
Epoch 31/51: Loss: 0.003478026617179652
Epoch 32/51: Loss: 0.003477005015134459
Epoch 33/51: Loss: 0.003474525619893143
Epoch 34/51: Loss: 0.003474150215557362
Epoch 35/51: Loss: 0.0034740826521762968
Epoch 36/51: Loss: 0.0034738726461870663
Epoch 37/51: Loss: 0.003472675550052227
Epoch 38/51: Loss: 0.003471795067894272
Epoch 39/51: Loss: 0.00347068373130495
Epoch 40/51: Loss: 0.0034702624588550143
Epoch 41/51: Loss: 0.0034694760460907722
Epoch 42/51: Loss: 0.0034693576809094206
Epoch 43/51: Loss: 0.003469168789687855
Epoch 44/51: Loss: 0.003468547404249593
Epoch 45/51: Loss: 0.003466810362987279
Epoch 46/51: Loss: 0.0034670808088355684
Epoch 47/51: Loss: 0.0034664613561461092
Epoch 48/51: Loss: 0.003466406084204153
Epoch 49/51: Loss: 0.0034660815085782184
Epoch 50/51: Loss: 0.0034650118011936293
/data/rsourave/datasets/extracted/ERB3_Stimuli_Extracted/1/frames/
609
Run ID: 1
Epoch 0/51: Loss: 0.38289775143034366
Epoch 1/51: Loss: 0.32900239394879655
Epoch 2/51: Loss: 0.31256406815526516
Epoch 3/51: Loss: 0.299800036156452
Epoch 4/51: Loss: 0.2891366098223156
Epoch 5/51: Loss: 0.2798833824007919
Epoch 6/51: Loss: 0.2716639332816397
Epoch 7/51: Loss: 0.2642438999181123
Epoch 8/51: Loss: 0.2574658442876841
Epoch 9/51: Loss: 0.25121602082723066
Epoch 10/51: Loss: 0.24541208478867224
Epoch 11/51: Loss: 0.23998960114917472
Epoch 12/51: Loss: 0.23489828676132388
Epoch 13/51: Loss: 0.23009727764139443
Epoch 14/51: Loss: 0.22555401137000636
Epoch 15/51: Loss: 0.22124116908219693
Epoch 16/51: Loss: 0.2171355761146467
Epoch 17/51: Loss: 0.21321781662194744
Epoch 18/51: Loss: 0.20947095585104666
Epoch 19/51: Loss: 0.20588089035529838
Epoch 20/51: Loss: 0.20243483934992632
Epoch 21/51: Loss: 0.19912166942499185
Epoch 22/51: Loss: 0.1959317670032186
Epoch 23/51: Loss: 0.1928561817560541
Epoch 24/51: Loss: 0.18988718609570673
Epoch 25/51: Loss: 0.18701794461690283
Epoch 26/51: Loss: 0.18424226391423298
Epoch 27/51: Loss: 0.1815543071685457
Epoch 28/51: Loss: 0.1789487589297718
Epoch 29/51: Loss: 0.1764210236724466
Epoch 30/51: Loss: 0.17396697883592233
Epoch 31/51: Loss: 0.1715825365268086
Epoch 32/51: Loss: 0.16926414830806225
Epoch 33/51: Loss: 0.16700843988770717
Epoch 34/51: Loss: 0.164812263885611
Epoch 35/51: Loss: 0.16267284812209637
Epoch 36/51: Loss: 0.1605874296204236
Epoch 37/51: Loss: 0.15855355437011703
Epoch 38/51: Loss: 0.15656901022272282
Epoch 39/51: Loss: 0.1546316431945582
Epoch 40/51: Loss: 0.15273934673812045
Epoch 41/51: Loss: 0.15089031437558956
Epoch 42/51: Loss: 0.14908274493523335
Epoch 43/51: Loss: 0.14731508933963547
Epoch 44/51: Loss: 0.14558581007938637
Epoch 45/51: Loss: 0.14389339941676313
Epoch 46/51: Loss: 0.14223642670549452
Epoch 47/51: Loss: 0.14061360517639274
Epoch 48/51: Loss: 0.1390237422402654
Epoch 49/51: Loss: 0.1374656680272892
Epoch 50/51: Loss: 0.13593820228216877
/data/rsourave/datasets/extracted/ERB3_Stimuli_Extracted/1/frames/
609
Run ID: 2
Epoch 0/51: Loss: 0.010522191246536562
Epoch 1/51: Loss: 0.0012920940381988544
Epoch 2/51: Loss: 0.0007534436903552669
Epoch 3/51: Loss: 0.0005557348076995775
Epoch 4/51: Loss: 0.00040908838300538077
Epoch 5/51: Loss: 0.00031339599139863853
Epoch 6/51: Loss: 0.00027467578491851814
Epoch 7/51: Loss: 0.0002343880700493441
Epoch 8/51: Loss: 0.0002045688907044561
Epoch 9/51: Loss: 0.0001752107962306591
Epoch 10/51: Loss: 0.0001563271210279245
Epoch 11/51: Loss: 0.00014707857300777505
Epoch 12/51: Loss: 0.00012902772556008072
Epoch 13/51: Loss: 0.00011097003346626164
Epoch 14/51: Loss: 0.00010109993531100916
Epoch 15/51: Loss: 9.845016280027757e-05
Epoch 16/51: Loss: 8.93161287087981e-05
Epoch 17/51: Loss: 8.085708530107465e-05
Epoch 18/51: Loss: 7.656285012046457e-05
Epoch 19/51: Loss: 7.044432976135264e-05
Epoch 20/51: Loss: 6.452452968341849e-05
Epoch 21/51: Loss: 6.418139532393674e-05
Epoch 22/51: Loss: 5.713655269347143e-05
Epoch 23/51: Loss: 5.3756264286234544e-05
Epoch 24/51: Loss: 5.051854475960232e-05
Epoch 25/51: Loss: 4.879457747948056e-05
Epoch 26/51: Loss: 4.542246930303467e-05
Epoch 27/51: Loss: 4.280447158286276e-05
Epoch 28/51: Loss: 4.045130149310516e-05
Epoch 29/51: Loss: 3.95485282365572e-05
Epoch 30/51: Loss: 3.747693402510407e-05
Epoch 31/51: Loss: 3.503794084660914e-05
Epoch 32/51: Loss: 3.304563781960032e-05
Epoch 33/51: Loss: 3.165083583382323e-05
Epoch 34/51: Loss: 3.0348318351078902e-05
Epoch 35/51: Loss: 2.8302143987769595e-05
Epoch 36/51: Loss: 2.7556485813157466e-05
Epoch 37/51: Loss: 2.499529897661089e-05
Epoch 38/51: Loss: 2.5037509405470704e-05
Epoch 39/51: Loss: 2.2348607398002758e-05
Epoch 40/51: Loss: 2.3185344562467136e-05
Epoch 41/51: Loss: 2.1927857612141193e-05
Epoch 42/51: Loss: 1.9920530698671436e-05
Epoch 43/51: Loss: 2.0527341978684854e-05
Epoch 44/51: Loss: 1.9683513168315463e-05
Epoch 45/51: Loss: 1.8623690160714173e-05
Epoch 46/51: Loss: 1.8224059327023722e-05
Epoch 47/51: Loss: 1.765311009651429e-05
Epoch 48/51: Loss: 1.7229705056682993e-05
Epoch 49/51: Loss: 1.566813087423481e-05
Epoch 50/51: Loss: 1.5393840211023806e-05
/data/rsourave/datasets/extracted/ERB3_Stimuli_Extracted/1/frames/
609
Run ID: 3
Epoch 0/51: Loss: 0.03410538371629532
Epoch 1/51: Loss: 0.002767166340513421
Epoch 2/51: Loss: 0.001730435590391123
Epoch 3/51: Loss: 0.001269204910622715
Epoch 4/51: Loss: 0.001014635355470917
Epoch 5/51: Loss: 0.0008784735469918519
Epoch 6/51: Loss: 0.0007596619225189727
Epoch 7/51: Loss: 0.0006744867798697161
Epoch 8/51: Loss: 0.0006047232132431425
Epoch 9/51: Loss: 0.0005489705958179208
Epoch 10/51: Loss: 0.0005051735423296423
Epoch 11/51: Loss: 0.0004629474962666828
Epoch 12/51: Loss: 0.000426634144174636
Epoch 13/51: Loss: 0.00039595944890020486
Epoch 14/51: Loss: 0.00037207585168251784
Epoch 15/51: Loss: 0.0003472371944462868
Epoch 16/51: Loss: 0.0003258963920981298
Epoch 17/51: Loss: 0.0003131119524104258
Epoch 18/51: Loss: 0.00029271268314729805
Epoch 19/51: Loss: 0.0002814537407311426
Epoch 20/51: Loss: 0.0002700977414049972
Epoch 21/51: Loss: 0.0002550835856776857
Epoch 22/51: Loss: 0.00024345086514220818
Epoch 23/51: Loss: 0.0002330272322917294
Epoch 24/51: Loss: 0.00022685873907662092
Epoch 25/51: Loss: 0.0002190363100659173
Epoch 26/51: Loss: 0.00020727384785526457
Epoch 27/51: Loss: 0.0002021422627218021
Epoch 28/51: Loss: 0.00019540786166442233
Epoch 29/51: Loss: 0.00018858244584424018
Epoch 30/51: Loss: 0.00018243491571443444
Epoch 31/51: Loss: 0.0001774535479720361
Epoch 32/51: Loss: 0.0001717621372276116
Epoch 33/51: Loss: 0.0001665905267356917
Epoch 34/51: Loss: 0.0001630634941745067
Epoch 35/51: Loss: 0.00015773119068021151
Epoch 36/51: Loss: 0.00015361640263255856
Epoch 37/51: Loss: 0.00014970419193000893
Epoch 38/51: Loss: 0.0001453717695955548
Epoch 39/51: Loss: 0.0001423163405163459
Epoch 40/51: Loss: 0.00013870132741293433
Epoch 41/51: Loss: 0.00013650599085497504
Epoch 42/51: Loss: 0.00013298096824552945
Epoch 43/51: Loss: 0.0001302504637373715
Epoch 44/51: Loss: 0.00012796363536772914
Epoch 45/51: Loss: 0.00012390415414040144
Epoch 46/51: Loss: 0.0001204992629401833
Epoch 47/51: Loss: 0.00011977072433836857
Epoch 48/51: Loss: 0.0001169557235579713
Epoch 49/51: Loss: 0.00011457639565177889
Epoch 50/51: Loss: 0.0001131028986175862
/data/rsourave/datasets/extracted/ERB3_Stimuli_Extracted/1/frames/
609
Run ID: 4
Epoch 0/51: Loss: 0.07112512888392973
Epoch 1/51: Loss: 0.03912002093075946
Epoch 2/51: Loss: 0.02652870824221054
Epoch 3/51: Loss: 0.01904082415120456
Epoch 4/51: Loss: 0.014267832290203697
Epoch 5/51: Loss: 0.011097385653359848
Epoch 6/51: Loss: 0.008952511229525695
Epoch 7/51: Loss: 0.007490600863743985
Epoch 8/51: Loss: 0.006472617122270675
Epoch 9/51: Loss: 0.005757414945748744
Epoch 10/51: Loss: 0.005260303119166265
Epoch 11/51: Loss: 0.0049130281972812155
Epoch 12/51: Loss: 0.004657660056134432
Epoch 13/51: Loss: 0.004482731328206546
Epoch 14/51: Loss: 0.004353530257651827
Epoch 15/51: Loss: 0.004260074140079246
Epoch 16/51: Loss: 0.004194408375387058
Epoch 17/51: Loss: 0.004144629272015789
Epoch 18/51: Loss: 0.004111726726299605
Epoch 19/51: Loss: 0.004084226223917061
Epoch 20/51: Loss: 0.004062110387533265
Epoch 21/51: Loss: 0.004051767103923918
Epoch 22/51: Loss: 0.004038544232921411
Epoch 23/51: Loss: 0.0040295145892330865
Epoch 24/51: Loss: 0.004023000908117294
Epoch 25/51: Loss: 0.00401756255886024
Epoch 26/51: Loss: 0.004013671784745934
Epoch 27/51: Loss: 0.004011002634470722
Epoch 28/51: Loss: 0.004008601160933746
Epoch 29/51: Loss: 0.004005951255162267
Epoch 30/51: Loss: 0.00400416126517871
Epoch 31/51: Loss: 0.004002109523300257
Epoch 32/51: Loss: 0.0040013950752718925
Epoch 33/51: Loss: 0.004000323259411874
Epoch 34/51: Loss: 0.00399896123391981
Epoch 35/51: Loss: 0.00399824879265537
Epoch 36/51: Loss: 0.003996775535064559
Epoch 37/51: Loss: 0.003996015119081337
Epoch 38/51: Loss: 0.003995753469214628
Epoch 39/51: Loss: 0.003996376684863213
Epoch 40/51: Loss: 0.00399491333851403
Epoch 41/51: Loss: 0.003994476775615182
Epoch 42/51: Loss: 0.003993961544348185
Epoch 43/51: Loss: 0.0039937393540428615
Epoch 44/51: Loss: 0.003993169759924172
Epoch 45/51: Loss: 0.003992571216762903
Epoch 46/51: Loss: 0.003991717810297478
Epoch 47/51: Loss: 0.003991652972290515
Epoch 48/51: Loss: 0.0039912843655770585
Epoch 49/51: Loss: 0.00399075050252341
Epoch 50/51: Loss: 0.00399018477386763
/data/rsourave/datasets/extracted/ERB3_Stimuli_Extracted/1/frames/
609
Run ID: 5
Epoch 0/51: Loss: 0.10202751319803285
Epoch 1/51: Loss: 0.0472525716615903
Epoch 2/51: Loss: 0.0239773315755727
Epoch 3/51: Loss: 0.014951445915230548
Epoch 4/51: Loss: 0.009191618680651697
Epoch 5/51: Loss: 0.0057367970561761055
Epoch 6/51: Loss: 0.0045847795675802595
Epoch 7/51: Loss: 0.003702919679442219
Epoch 8/51: Loss: 0.003070439111331761
Epoch 9/51: Loss: 0.0026436731307660777
Epoch 10/51: Loss: 0.0023076949457285323
Epoch 11/51: Loss: 0.0020636873805915308
Epoch 12/51: Loss: 0.0018640739342321514
Epoch 13/51: Loss: 0.0017120013017892656
Epoch 14/51: Loss: 0.0016010246540002896
Epoch 15/51: Loss: 0.0014949011672788506
Epoch 16/51: Loss: 0.001404581151105607
Epoch 17/51: Loss: 0.0013373580769678833
Epoch 18/51: Loss: 0.0012734845119745472
Epoch 19/51: Loss: 0.0012307996268223372
Epoch 20/51: Loss: 0.0011900720480195882
Epoch 21/51: Loss: 0.001158415693149196
Epoch 22/51: Loss: 0.0011266979822630787
Epoch 23/51: Loss: 0.0011026363767093854
Epoch 24/51: Loss: 0.0010748215095272911
Epoch 25/51: Loss: 0.0010499669108362624
Epoch 26/51: Loss: 0.0010319596241744836
Epoch 27/51: Loss: 0.0010140612308584837
Epoch 28/51: Loss: 0.0009940882232417935
Epoch 29/51: Loss: 0.0009808913748200867
Epoch 30/51: Loss: 0.000965889819200079
Epoch 31/51: Loss: 0.0009515389757351499
Epoch 32/51: Loss: 0.0009374328141824467
Epoch 33/51: Loss: 0.0009273199290735856
Epoch 34/51: Loss: 0.000916204248799867
Epoch 35/51: Loss: 0.000902703352102622
Epoch 36/51: Loss: 0.0008837731716240271
Epoch 37/51: Loss: 0.0008718811412114704
Epoch 38/51: Loss: 0.0008593468241735963
Epoch 39/51: Loss: 0.0008435815695466679
Epoch 40/51: Loss: 0.0008281216910665877
Epoch 41/51: Loss: 0.000811728169728876
Epoch 42/51: Loss: 0.0008011944474858299
Epoch 43/51: Loss: 0.0007871952839771976
Epoch 44/51: Loss: 0.0007755955528584712
Epoch 45/51: Loss: 0.0007636582752490089
Epoch 46/51: Loss: 0.0007375713311312383
Epoch 47/51: Loss: 0.0007138194172014965
Epoch 48/51: Loss: 0.0007003807455432877
Epoch 49/51: Loss: 0.000691668684096921
Epoch 50/51: Loss: 0.0006787477603217411
/data/rsourave/datasets/extracted/ERB3_Stimuli_Extracted/1/frames/
609
Run ID: 6
Epoch 0/51: Loss: 0.024365377624093066
Epoch 1/51: Loss: 0.009656252166069424
Epoch 2/51: Loss: 0.006851357428512089
Epoch 3/51: Loss: 0.005679186153765659
Epoch 4/51: Loss: 0.0051241503642274365
Epoch 5/51: Loss: 0.004868763513112284
Epoch 6/51: Loss: 0.004723704090091061
Epoch 7/51: Loss: 0.004643968600287865
Epoch 8/51: Loss: 0.004599719139554497
Epoch 9/51: Loss: 0.0045720252915372826
Epoch 10/51: Loss: 0.004556052927613832
Epoch 11/51: Loss: 0.0045437799772779725
Epoch 12/51: Loss: 0.004537637386490336
Epoch 13/51: Loss: 0.0045306327587735715
Epoch 14/51: Loss: 0.004527772249939726
Epoch 15/51: Loss: 0.0045261498592614425
Epoch 16/51: Loss: 0.004520512094839064
Epoch 17/51: Loss: 0.00451927035606892
Epoch 18/51: Loss: 0.004517373728621084
Epoch 19/51: Loss: 0.0045157501819812155
Epoch 20/51: Loss: 0.0045163312378679555
Epoch 21/51: Loss: 0.004513427386006764
Epoch 22/51: Loss: 0.004512903314598012
Epoch 23/51: Loss: 0.004511252855606113
Epoch 24/51: Loss: 0.0045100017799568765
Epoch 25/51: Loss: 0.004510417344022431
Epoch 26/51: Loss: 0.004508881653926278
Epoch 27/51: Loss: 0.0045088458916666616
Epoch 28/51: Loss: 0.004507602288316164
Epoch 29/51: Loss: 0.00450753475732767
Epoch 30/51: Loss: 0.004506893618197959
Epoch 31/51: Loss: 0.0045063239184327565
Epoch 32/51: Loss: 0.004505268425704571
Epoch 33/51: Loss: 0.004505790882877843
Epoch 34/51: Loss: 0.004505050814383904
Epoch 35/51: Loss: 0.004504858308934318
Epoch 36/51: Loss: 0.004504551201976373
Epoch 37/51: Loss: 0.004503930298310833
Epoch 38/51: Loss: 0.004504038187326509
Epoch 39/51: Loss: 0.004503800618783495
Epoch 40/51: Loss: 0.004503483544976317
Epoch 41/51: Loss: 0.004503181458489434
Epoch 42/51: Loss: 0.0045029868871776495
Epoch 43/51: Loss: 0.0045026813975692775
Epoch 44/51: Loss: 0.004502349953106862
Epoch 45/51: Loss: 0.004502443903259262
Epoch 46/51: Loss: 0.004502077047972977
Epoch 47/51: Loss: 0.004502139293466993
Epoch 48/51: Loss: 0.004501863098161284
Epoch 49/51: Loss: 0.004501811132094984
Epoch 50/51: Loss: 0.004501746068569058
/data/rsourave/datasets/extracted/ERB3_Stimuli_Extracted/1/frames/
609
Run ID: 7
Epoch 0/51: Loss: 0.015351426337768224
Epoch 1/51: Loss: 0.0023199655747444753
Epoch 2/51: Loss: 0.0015254339278386424
Epoch 3/51: Loss: 0.0010720282803618388
Epoch 4/51: Loss: 0.0007968272123634714
Epoch 5/51: Loss: 0.0006192109913273455
Epoch 6/51: Loss: 0.0005338913268659617
Epoch 7/51: Loss: 0.00045423852102179855
Epoch 8/51: Loss: 0.00040429431805893035
Epoch 9/51: Loss: 0.0003477768187529235
Epoch 10/51: Loss: 0.0003157353379633981
Epoch 11/51: Loss: 0.00029255224812381713
Epoch 12/51: Loss: 0.0002641128689426735
Epoch 13/51: Loss: 0.0002465479180701751
Epoch 14/51: Loss: 0.00022663453956363983
Epoch 15/51: Loss: 0.00021014864265862354
Epoch 16/51: Loss: 0.0001969181661788745
Epoch 17/51: Loss: 0.0001830507063435596
Epoch 18/51: Loss: 0.00016731959537908176
Epoch 19/51: Loss: 0.00016234331107999189
Epoch 20/51: Loss: 0.00014672532912356085
Epoch 21/51: Loss: 0.00013967378743742932
Epoch 22/51: Loss: 0.00012791176989390056
Epoch 23/51: Loss: 0.0001219951467491632
Epoch 24/51: Loss: 0.00011601771470717238
Epoch 25/51: Loss: 0.00010931786844674847
Epoch 26/51: Loss: 0.00010617469346457038
Epoch 27/51: Loss: 9.922608541722879e-05
Epoch 28/51: Loss: 9.350376963892617e-05
Epoch 29/51: Loss: 8.963921917958739e-05
Epoch 30/51: Loss: 8.552863827908784e-05
Epoch 31/51: Loss: 8.307699239375684e-05
Epoch 32/51: Loss: 8.106145891707208e-05
Epoch 33/51: Loss: 7.527086256276454e-05
Epoch 34/51: Loss: 7.397422712077842e-05
Epoch 35/51: Loss: 7.086655030970401e-05
Epoch 36/51: Loss: 6.782584653874276e-05
Epoch 37/51: Loss: 6.443135627290435e-05
Epoch 38/51: Loss: 6.280665049505183e-05
Epoch 39/51: Loss: 6.092311459672834e-05
Epoch 40/51: Loss: 5.8285909322214215e-05
Epoch 41/51: Loss: 5.6372937006534356e-05
Epoch 42/51: Loss: 5.4589805225388654e-05
Epoch 43/51: Loss: 5.319069519814439e-05
Epoch 44/51: Loss: 5.0586196882634856e-05
Epoch 45/51: Loss: 5.004718628104302e-05
Epoch 46/51: Loss: 4.794172347873555e-05
Epoch 47/51: Loss: 4.7070458033103357e-05
Epoch 48/51: Loss: 4.5182810917012754e-05
Epoch 49/51: Loss: 4.40804389553819e-05
Epoch 50/51: Loss: 4.209374952415641e-05
/data/rsourave/datasets/extracted/ERB3_Stimuli_Extracted/1/frames/
609
Run ID: 8
Epoch 0/51: Loss: 0.04362905389587069
Epoch 1/51: Loss: 0.007245619367460775
Epoch 2/51: Loss: 0.006280317761577123
Epoch 3/51: Loss: 0.005870644873746048
Epoch 4/51: Loss: 0.005513264499079922
Epoch 5/51: Loss: 0.005292322925449731
Epoch 6/51: Loss: 0.005124335080880706
Epoch 7/51: Loss: 0.0049937094335164535
Epoch 8/51: Loss: 0.00488884219451114
Epoch 9/51: Loss: 0.0048105415871968595
Epoch 10/51: Loss: 0.004746337988379634
Epoch 11/51: Loss: 0.004699874466966031
Epoch 12/51: Loss: 0.004659974304099758
Epoch 13/51: Loss: 0.004627596704284439
Epoch 14/51: Loss: 0.004598998636863595
Epoch 15/51: Loss: 0.004579199340055401
Epoch 16/51: Loss: 0.004561663871942385
Epoch 17/51: Loss: 0.004547941946472179
Epoch 18/51: Loss: 0.004533200262223299
Epoch 19/51: Loss: 0.0045238270219510514
Epoch 20/51: Loss: 0.004514564017860288
Epoch 21/51: Loss: 0.004505493474808575
Epoch 22/51: Loss: 0.004499870165933252
Epoch 23/51: Loss: 0.0044940811704017
Epoch 24/51: Loss: 0.004489321733186463
Epoch 25/51: Loss: 0.004485398105444484
Epoch 26/51: Loss: 0.004481186734296511
Epoch 27/51: Loss: 0.004478392813597576
Epoch 28/51: Loss: 0.004476095016142501
Epoch 29/51: Loss: 0.0044742456825261475
Epoch 30/51: Loss: 0.004471255418570522
Epoch 31/51: Loss: 0.004469765558878952
Epoch 32/51: Loss: 0.004468660012638934
Epoch 33/51: Loss: 0.004467024383722913
Epoch 34/51: Loss: 0.0044660295143768855
Epoch 35/51: Loss: 0.004464678553196307
Epoch 36/51: Loss: 0.004464149389893679
Epoch 37/51: Loss: 0.004463054485326735
Epoch 38/51: Loss: 0.004462284739767264
Epoch 39/51: Loss: 0.004461335248197841
Epoch 40/51: Loss: 0.004460874089208508
Epoch 41/51: Loss: 0.004460453459650674
Epoch 42/51: Loss: 0.004459996351323614
Epoch 43/51: Loss: 0.004459297469010804
Epoch 44/51: Loss: 0.004459088373497815
Epoch 45/51: Loss: 0.0044586359819008695
Epoch 46/51: Loss: 0.004458219954605875
Epoch 47/51: Loss: 0.00445782210544102
Epoch 48/51: Loss: 0.004457548070493371
Epoch 49/51: Loss: 0.004457139364690975
Epoch 50/51: Loss: 0.004457073375512605
/data/rsourave/datasets/extracted/ERB3_Stimuli_Extracted/1/frames/
609
Run ID: 9
Epoch 0/51: Loss: 0.014608750467167133
Epoch 1/51: Loss: 0.0036916332059644696
Epoch 2/51: Loss: 0.002459576606706012
Epoch 3/51: Loss: 0.0020979764351541775
Epoch 4/51: Loss: 0.001634372673626372
Epoch 5/51: Loss: 0.0013654482893321336
Epoch 6/51: Loss: 0.001161525480226929
Epoch 7/51: Loss: 0.0010357805275434755
Epoch 8/51: Loss: 0.0009377532971607709
Epoch 9/51: Loss: 0.0008375039381189015
Epoch 10/51: Loss: 0.0007677710886385612
Epoch 11/51: Loss: 0.0007069205281999389
Epoch 12/51: Loss: 0.0007211087615269531
Epoch 13/51: Loss: 0.0006885942558304662
Epoch 14/51: Loss: 0.0005890952540279953
Epoch 15/51: Loss: 0.0005478085943617525
Epoch 16/51: Loss: 0.000524772849950498
Epoch 17/51: Loss: 0.0004812000530088598
Epoch 18/51: Loss: 0.0004521788581512343
Epoch 19/51: Loss: 0.0004305851391554672
Epoch 20/51: Loss: 0.0004147522336326106
Epoch 21/51: Loss: 0.0004109131554073599
Epoch 22/51: Loss: 0.0003900976027053579
Epoch 23/51: Loss: 0.00037481146324601914
Epoch 24/51: Loss: 0.0003637151015904039
Epoch 25/51: Loss: 0.0003499696405970487
Epoch 26/51: Loss: 0.0003392118079397551
Epoch 27/51: Loss: 0.00033137663787339097
Epoch 28/51: Loss: 0.0003227262498998271
Epoch 29/51: Loss: 0.00030865890271950414
Epoch 30/51: Loss: 0.00029968338116498046
Epoch 31/51: Loss: 0.0002981320337130598
Epoch 32/51: Loss: 0.0002839329356902389
Epoch 33/51: Loss: 0.0002765073208542589
Epoch 34/51: Loss: 0.00027182311295281705
Epoch 35/51: Loss: 0.000266499583336747
Epoch 36/51: Loss: 0.00026140802153122795
Epoch 37/51: Loss: 0.0002526262531320304
Epoch 38/51: Loss: 0.0002468118730826363
Epoch 39/51: Loss: 0.00024247211117951962
Epoch 40/51: Loss: 0.00023995720439739675
Epoch 41/51: Loss: 0.0002340548209001831
Epoch 42/51: Loss: 0.00022506934941347905
Epoch 43/51: Loss: 0.00022315776607127798
Epoch 44/51: Loss: 0.00021444609133260882
Epoch 45/51: Loss: 0.00021401946207202986
Epoch 46/51: Loss: 0.0002083569794681518
Epoch 47/51: Loss: 0.00020636734536450753
Epoch 48/51: Loss: 0.00019877849629511643
Epoch 49/51: Loss: 0.00019849953196672565
Epoch 50/51: Loss: 0.00019375852726626435
/data/rsourave/datasets/extracted/ERB3_Stimuli_Extracted/1/frames/
609
Run ID: 10
Epoch 0/51: Loss: 0.02288708844922115
Epoch 1/51: Loss: 0.00594617146879404
Epoch 2/51: Loss: 0.004124491047770163
Epoch 3/51: Loss: 0.0036646993237975725
Epoch 4/51: Loss: 0.0035066856063860133
Epoch 5/51: Loss: 0.0034279509929980843
Epoch 6/51: Loss: 0.003339506508057683
Epoch 7/51: Loss: 0.003289022256175337
Epoch 8/51: Loss: 0.0032545914240758203
Epoch 9/51: Loss: 0.0030449761944015205
Epoch 10/51: Loss: 0.0029470825968170617
Epoch 11/51: Loss: 0.002886920736345958
Epoch 12/51: Loss: 0.0028348324081606683
Epoch 13/51: Loss: 0.00279084839424542
Epoch 14/51: Loss: 0.002760327368090088
Epoch 15/51: Loss: 0.0027103225427093673
Epoch 16/51: Loss: 0.0026406916298740827
Epoch 17/51: Loss: 0.002598778509182944
Epoch 18/51: Loss: 0.002571014729032776
Epoch 19/51: Loss: 0.002511983378893316
Epoch 20/51: Loss: 0.002467639985227139
Epoch 21/51: Loss: 0.0024272988701775577
Epoch 22/51: Loss: 0.002393091668687611
Epoch 23/51: Loss: 0.002338943473199346
Epoch 24/51: Loss: 0.0023336316107662584
Epoch 25/51: Loss: 0.0022746078920793905
Epoch 26/51: Loss: 0.002226613184821709
Epoch 27/51: Loss: 0.0021864728647785713
Epoch 28/51: Loss: 0.002157696236923713
Epoch 29/51: Loss: 0.0021216677507396213
Epoch 30/51: Loss: 0.002110407340216971
Epoch 31/51: Loss: 0.002063930768059291
Epoch 32/51: Loss: 0.0020324938016689493
Epoch 33/51: Loss: 0.0020169327870752474
Epoch 34/51: Loss: 0.001974515588641018
Epoch 35/51: Loss: 0.0019520482447632236
Epoch 36/51: Loss: 0.0019218300772178738
Epoch 37/51: Loss: 0.0019152496128018227
Epoch 38/51: Loss: 0.001879207805685756
Epoch 39/51: Loss: 0.0018589091302616267
Epoch 40/51: Loss: 0.0018278744893097426
Epoch 41/51: Loss: 0.0018128152225130175
Epoch 42/51: Loss: 0.0017882268294020078
Epoch 43/51: Loss: 0.0017573291966569715
Epoch 44/51: Loss: 0.0017506335328666767
Epoch 45/51: Loss: 0.0017393705677629513
Epoch 46/51: Loss: 0.0017060351980948017
Epoch 47/51: Loss: 0.0016931972595244159
Epoch 48/51: Loss: 0.001667091323021511
Epoch 49/51: Loss: 0.0016447369360685687
Epoch 50/51: Loss: 0.0016227178760745513
/data/rsourave/datasets/extracted/ERB3_Stimuli_Extracted/1/frames/
609
Run ID: 11
Epoch 0/51: Loss: 0.03876138966479149
Epoch 1/51: Loss: 0.008637632264579302
Epoch 2/51: Loss: 0.00624920248733263
Epoch 3/51: Loss: 0.005206824556920548
Epoch 4/51: Loss: 0.004574867827457986
Epoch 5/51: Loss: 0.004248221317082744
Epoch 6/51: Loss: 0.004011506828669293
Epoch 7/51: Loss: 0.003873233184498998
Epoch 8/51: Loss: 0.00376532160456712
Epoch 9/51: Loss: 0.00369933613475865
Epoch 10/51: Loss: 0.003642382761063195
Epoch 11/51: Loss: 0.003616037269594632
Epoch 12/51: Loss: 0.0035945285658567513
Epoch 13/51: Loss: 0.0035698319876164685
Epoch 14/51: Loss: 0.003557361279574319
Epoch 15/51: Loss: 0.0035455688216328766
Epoch 16/51: Loss: 0.0035339177763819237
Epoch 17/51: Loss: 0.003530125506168819
Epoch 18/51: Loss: 0.0035233570271300104
Epoch 19/51: Loss: 0.0035200515976287674
Epoch 20/51: Loss: 0.003515236578043221
Epoch 21/51: Loss: 0.0035108220427142486
Epoch 22/51: Loss: 0.003507805072150768
Epoch 23/51: Loss: 0.0035044905520766477
Epoch 24/51: Loss: 0.0035011206497260437
Epoch 25/51: Loss: 0.003498017193944597
Epoch 26/51: Loss: 0.0034967189861751994
Epoch 27/51: Loss: 0.0034952662288614184
Epoch 28/51: Loss: 0.0034917516336690755
Epoch 29/51: Loss: 0.0034907774129204513
Epoch 30/51: Loss: 0.00349003676924225
Epoch 31/51: Loss: 0.003487438134817155
Epoch 32/51: Loss: 0.0034868724118478447
Epoch 33/51: Loss: 0.0034851185686390258
Epoch 34/51: Loss: 0.00348382342327756
Epoch 35/51: Loss: 0.0034823586337427454
Epoch 36/51: Loss: 0.003480871655834876
Epoch 37/51: Loss: 0.003479859785622268
Epoch 38/51: Loss: 0.003478882313765501
Epoch 39/51: Loss: 0.0034771480827846452
Epoch 40/51: Loss: 0.003476720593180481
Epoch 41/51: Loss: 0.0034755865554224304
Epoch 42/51: Loss: 0.0034752514818946916
Epoch 43/51: Loss: 0.003474240157639305
Epoch 44/51: Loss: 0.003473344848769336
Epoch 45/51: Loss: 0.0034722984836852403
Epoch 46/51: Loss: 0.003471976366705984
Epoch 47/51: Loss: 0.0034708023188402544
Epoch 48/51: Loss: 0.0034700492160592493
Epoch 49/51: Loss: 0.0034693708077325825
Epoch 50/51: Loss: 0.0034685190425309924
/data/rsourave/datasets/extracted/ERB3_Stimuli_Extracted/1/frames/
609
Run ID: 12
Epoch 0/51: Loss: 0.014765854182239756
Epoch 1/51: Loss: 0.0028553262162263485
Epoch 2/51: Loss: 0.001966685018958693
Epoch 3/51: Loss: 0.0015085037317510495
Epoch 4/51: Loss: 0.0013138243943797811
Epoch 5/51: Loss: 0.0010637938513209904
Epoch 6/51: Loss: 0.0009483901668116843
Epoch 7/51: Loss: 0.0008291082597262875
Epoch 8/51: Loss: 0.0007047701855489748
Epoch 9/51: Loss: 0.0006296151035848788
Epoch 10/51: Loss: 0.0005443021227614565
Epoch 11/51: Loss: 0.000503712013339654
Epoch 12/51: Loss: 0.0004610273399726906
Epoch 13/51: Loss: 0.0004314999707632258
Epoch 14/51: Loss: 0.00040064756756215755
Epoch 15/51: Loss: 0.0003903473254266084
Epoch 16/51: Loss: 0.0003794487119252782
Epoch 17/51: Loss: 0.0003663723555876503
Epoch 18/51: Loss: 0.00034219140308362897
Epoch 19/51: Loss: 0.00032978398831387106
Epoch 20/51: Loss: 0.0003176062849879408
Epoch 21/51: Loss: 0.00030232790519072687
Epoch 22/51: Loss: 0.00029789232944158183
Epoch 23/51: Loss: 0.00028783540593359214
Epoch 24/51: Loss: 0.00027078222451403465
Epoch 25/51: Loss: 0.000265409869213554
Epoch 26/51: Loss: 0.00026219203872221935
Epoch 27/51: Loss: 0.000259826545509813
Epoch 28/51: Loss: 0.0003012906312323364
Epoch 29/51: Loss: 0.00023252151174147577
Epoch 30/51: Loss: 0.00022367025305276793
Epoch 31/51: Loss: 0.00020927889921778617
Epoch 32/51: Loss: 0.00020490866613352693
Epoch 33/51: Loss: 0.00019204228211851932
Epoch 34/51: Loss: 0.00018721773856469827
Epoch 35/51: Loss: 0.00018287537237961598
Epoch 36/51: Loss: 0.00017795162826803916
Epoch 37/51: Loss: 0.00017141993034905517
Epoch 38/51: Loss: 0.00016518310172136693
Epoch 39/51: Loss: 0.00016329465361249317
Epoch 40/51: Loss: 0.00015636236965001183
Epoch 41/51: Loss: 0.00015524488718650755
Epoch 42/51: Loss: 0.0001616870859320653
Epoch 43/51: Loss: 0.00014790821204192347
Epoch 44/51: Loss: 0.00014474573313877305
Epoch 45/51: Loss: 0.0001497096185373263
Epoch 46/51: Loss: 0.0001700711205735549
Epoch 47/51: Loss: 0.00013812655428365698
Epoch 48/51: Loss: 0.00013420355775993666
Epoch 49/51: Loss: 0.0001292588901607338
Epoch 50/51: Loss: 0.0001238461287995864
/data/rsourave/datasets/extracted/ERB3_Stimuli_Extracted/1/frames/
609
Run ID: 13
Epoch 0/51: Loss: 0.43987753903708443
Epoch 1/51: Loss: 0.4110350724887533
Epoch 2/51: Loss: 0.3935795723654256
Epoch 3/51: Loss: 0.3799889082513233
Epoch 4/51: Loss: 0.3686152482927829
Epoch 5/51: Loss: 0.35873219092982045
Epoch 6/51: Loss: 0.34993857204323947
Epoch 7/51: Loss: 0.34198375105267703
Epoch 8/51: Loss: 0.33469877379758917
Epoch 9/51: Loss: 0.3279663349683135
Epoch 10/51: Loss: 0.32169770776438633
Epoch 11/51: Loss: 0.31582523366012194
Epoch 12/51: Loss: 0.31029680537262766
Epoch 13/51: Loss: 0.30506966463459206
Epoch 14/51: Loss: 0.30010962470283997
Epoch 15/51: Loss: 0.29538761760437054
Epoch 16/51: Loss: 0.29087992160037013
Epoch 17/51: Loss: 0.2865663884521121
Epoch 18/51: Loss: 0.2824298436246296
Epoch 19/51: Loss: 0.27845523345342565
Epoch 20/51: Loss: 0.2746289784685023
Epoch 21/51: Loss: 0.27093960306677883
Epoch 22/51: Loss: 0.2673771466457411
Epoch 23/51: Loss: 0.26393263523924865
Epoch 24/51: Loss: 0.26059808075526364
Epoch 25/51: Loss: 0.2573663869706711
Epoch 26/51: Loss: 0.25423089945965477
Epoch 27/51: Loss: 0.25118576900006917
Epoch 28/51: Loss: 0.24822558947030468
Epoch 29/51: Loss: 0.2453456941143711
Epoch 30/51: Loss: 0.2425418992099589
Epoch 31/51: Loss: 0.23980991975112323
Epoch 32/51: Loss: 0.23714613839492152
Epoch 33/51: Loss: 0.2345471464638466
Epoch 34/51: Loss: 0.2320098152918981
Epoch 35/51: Loss: 0.22953114770475788
Epoch 36/51: Loss: 0.22710847086196292
Epoch 37/51: Loss: 0.2247393523702527
Epoch 38/51: Loss: 0.22242148763964278
Epoch 39/51: Loss: 0.22015261487795576
Epoch 40/51: Loss: 0.21793073544850444
Epoch 41/51: Loss: 0.21575388302504034
Epoch 42/51: Loss: 0.21362041026698086
Epoch 43/51: Loss: 0.2115286084217797
Epoch 44/51: Loss: 0.2094768229257254
Epoch 45/51: Loss: 0.20746372797504903
Epoch 46/51: Loss: 0.2054878314495972
Epoch 47/51: Loss: 0.20354786436549901
Epoch 48/51: Loss: 0.20164255274109322
Epoch 49/51: Loss: 0.19977080695355687
Epoch 50/51: Loss: 0.19793144376831676
